Inc., Pleasanton
             Standard Nuclear Orientation (Angstroms)


1   Cu       0.000000000000       0.000000000000       0.000000000000
2   N       -2.041302150000       0.000000000000       0.000000000000
3   N        2.041302150000       0.000000000000       0.000000000000
4   N        0.000000000000       2.019820200000       0.000000000000
5   N        0.000000000000      -2.019820200000       0.000000000000
6   C       -2.863161980000      -1.092072540000       0.000000000000
7   C       -2.863161980000       1.092072540000       0.000000000000
8   C        2.863161980000      -1.092072540000       0.000000000000
9   C        2.863161980000       1.092072540000       0.000000000000
10  C       -1.089917730000      -2.846669650000       0.000000000000
11  C        1.089917730000      -2.846669650000       0.000000000000
12  C       -1.089917730000       2.846669650000       0.000000000000
13  C        1.089917730000       2.846669650000       0.000000000000
14  C       -4.247168890000      -0.679511690000       0.000000000000
15  C       -4.247168890000       0.679511690000       0.000000000000
16  C        4.247168890000      -0.679511690000       0.000000000000
17  C        4.247168890000       0.679511690000       0.000000000000
18  C       -0.694279440000      -4.205085540000       0.000000000000
19  C        0.694279440000      -4.205085540000       0.000000000000
20  C       -0.694279440000       4.205085540000       0.000000000000
21  C        0.694279440000       4.205085540000       0.000000000000
22  C       -2.436062000000      -2.409866670000       0.000000000000
23  C       -2.436062000000       2.409866670000       0.000000000000
24  C        2.436062000000      -2.409866670000       0.000000000000
25  C        2.436062000000       2.409866670000       0.000000000000
26  H       -5.098027630000      -1.358749270000       0.000000000000
27  H       -5.098027630000       1.358749270000       0.000000000000
28  H        5.098027630000      -1.358749270000       0.000000000000
29  H        5.098027630000       1.358749270000       0.000000000000
30  H       -1.370379530000      -5.058136140000       0.000000000000
31  H        1.370379530000      -5.058136140000       0.000000000000
32  H       -1.370379530000       5.058136140000       0.000000000000
33  H        1.370379530000       5.058136140000       0.000000000000
34  H       -3.205139050000      -3.184311700000       0.000000000000
35  H        3.205139050000      -3.184311700000       0.000000000000
36  H        3.205139050000       3.184311700000       0.000000000000
37  H       -3.205139050000       3.184311700000       0.000000000000
--
CIS Derivative Couplings
Ej-Ei = 0.033888
DC between ground and excited states with ETF


      1        0.0000000029       -0.0091218299        0.0000000060
      2       -0.0000000097        0.0040797149       -0.0000000049
      3        0.0000000119        0.0040797163        0.0000000030
      4       -0.0000000061        0.0012955376       -0.0000000021
      5        0.0000000009        0.0012955398       -0.0000000020
      6        0.0009825587       -0.0004515501        0.0000000025
      7       -0.0009825590       -0.0004515567       -0.0000000015
      8       -0.0009825552       -0.0004515560       -0.0000000011
      9        0.0009825506       -0.0004515641       -0.0000000029
     10       -0.0001170382       -0.0007511962       -0.0000000011
     11        0.0001170305       -0.0007511939       -0.0000000026
     12        0.0001170457       -0.0007511907        0.0000000032
     13       -0.0001170398       -0.0007511900        0.0000000016
     14        0.0000213026        0.0001876607       -0.0000000009
     15       -0.0000213041        0.0001876600        0.0000000015
     16       -0.0000213063        0.0001876591       -0.0000000003
     17        0.0000213079        0.0001876597        0.0000000001
     18       -0.0006354389        0.0004695090        0.0000000045
     19        0.0006354411        0.0004695098        0.0000000005
     20        0.0006354331        0.0004695079       -0.0000000001
     21       -0.0006354357        0.0004695087       -0.0000000031
     22       -0.0005302413        0.0001921126       -0.0000000036
     23        0.0005302199        0.0001921208        0.0000000007
     24        0.0005302459        0.0001921143       -0.0000000002
     25       -0.0005302199        0.0001921248        0.0000000025
     26        0.0000418446       -0.0000406737        0.0000000001
     27       -0.0000418451       -0.0000406738        0.0000000004
     28       -0.0000418435       -0.0000406737       -0.0000000000
     29        0.0000418451       -0.0000406740        0.0000000000
     30       -0.0000223401        0.0000065791       -0.0000000006
     31        0.0000223403        0.0000065799        0.0000000007
     32        0.0000223403        0.0000065790       -0.0000000005
     33       -0.0000223399        0.0000065793        0.0000000006
     34        0.0000119454       -0.0000046603       -0.0000000003
     35       -0.0000119438       -0.0000046611        0.0000000001
     36        0.0000119441       -0.0000046613       -0.0000000001
     37       -0.0000119443       -0.0000046608        0.0000000002
