  * process grid (1, 1) will be used
    mgt01                           

  * using 1 threads per process

  ===============================================================
    BAGEL - Freshly leavened quantum chemistry                   
  ===============================================================

  *** Geometry ***

  { "atom" : "C", "xyz" : [      0.000000,      0.000000,     -0.989890 ] },
  { "atom" : "O", "xyz" : [      0.000000,      0.000000,      1.259002 ] },
  { "atom" : "H", "xyz" : [     -1.850368,      0.000000,     -2.066337 ] },
  { "atom" : "H", "xyz" : [      1.850368,      0.000000,     -2.066337 ] },

  Number of auxiliary basis functions:      218

  Since a DF basis is specified, we compute 2- and 3-index integrals:
    o Being stored without compression. Storage requirement is 0.033 GB
       - 3-index ints prep                         0.00
       - 3-index ints                              0.20
       - 2-index ints                              0.00
       - computing inverse                         0.01
        elapsed time:        0.21 sec.


  Number of basis functions:      138
  Number of electrons      :       16


    * METHOD: MOLECULE                             0.30

  The gradients will be computed analytically.
  ---------------------------
      CASSCF calculation     
  ---------------------------

 
    ==== Active orbitals : ===== 
         Orbital 3
         Orbital 4
         Orbital 5
         Orbital 6
         Orbital 7
         Orbital 8
         Orbital 9
         Orbital 10
         Orbital 11
         Orbital 12
    ============================ 

    * nstate   :     10
    * nclosed  :      2
    * nact     :     10
    * nvirt    :    126
  === CASSCF iteration (molden) ===

    * Using the second-order algorithm

      0  0      -113.67240154     9.60e-09     23.37
      0  1      -113.52702779     0.00e+00     23.37
      0  2      -113.47210613     0.00e+00     23.37
      0  3      -113.45263570     0.00e+00     23.37
      0  4      -113.43545589     0.00e+00     23.37
      0  5      -113.35978802     0.00e+00     23.37
      0  6      -113.29585796     0.00e+00     23.37
      0  7      -113.28197814     0.00e+00     23.37
      0  8      -113.27588157     0.00e+00     23.37
      0  9      -113.25722273     0.00e+00     23.37

    * Second-order optimization converged. *   

    * Integral transformation done. Elapsed time: 0.02

     guess   0:   closed 11111.....           open .....1....          
     guess   1:   closed 111.11....           open ...1......          
     guess   2:   closed 1111.1....           open ....1.....          
     guess   3:   closed 11111.....           open ......1...          
     guess   4:   closed 11.111....           open ..1.......          
     guess   5:   closed 111.1.....           open ...1.11...          
     guess   6:   closed 1111......           open ....111...          
     guess   7:   closed 11.11.....           open ..1..11...          
     guess   8:   closed 1.1111....           open .1........          
     guess   9:   closed 111..1....           open ...11.1...          

  === FCI iteration ===

      0  0      -113.54677510     2.47e-03      0.80
      0  1      -113.43796131     2.19e-03      0.00
      0  2      -113.35401366     2.39e-03      0.00
      0  3      -113.29540247     2.62e-03      0.00
      0  4      -113.28990801     2.50e-03      0.00
      0  5      -113.11404786     3.05e-03      0.00
      0  6      -113.10919958     2.53e-03      0.00
      0  7      -113.08309864     2.77e-03      0.00
      0  8      -112.91747148     2.92e-03      0.00
      0  9      -112.89598756     3.11e-03      0.00

      1  0      -113.65657737     1.01e-03      0.81
      1  1      -113.52004949     7.08e-04      0.00
      1  2      -113.45624406     9.87e-04      0.00
      1  3      -113.42984903     1.17e-03      0.00
      1  4      -113.41311588     1.08e-03      0.00
      1  5      -113.30930149     1.53e-03      0.00
      1  6      -113.24223344     1.33e-03      0.00
      1  7      -113.23349506     1.19e-03      0.00
      1  8      -113.11334854     1.67e-03      0.00
      1  9      -113.09183831     1.46e-03      0.00

      2  0      -113.67093192     3.21e-04      0.82
      2  1      -113.52638745     2.12e-04      0.00
      2  2      -113.47018907     3.58e-04      0.00
      2  3      -113.45078799     3.55e-04      0.00
      2  4      -113.43320245     3.56e-04      0.00
      2  5      -113.35002109     5.42e-04      0.00
      2  6      -113.27239820     4.55e-04      0.00
      2  7      -113.25537316     4.04e-04      0.00
      2  8      -113.16649260     6.52e-04      0.00
      2  9      -113.13030118     5.54e-04      0.00

      3  0      -113.67224454     1.03e-04      0.84
      3  1      -113.52698311     5.34e-05      0.00
      3  2      -113.47187054     1.25e-04      0.00
      3  3      -113.45242548     1.08e-04      0.00
      3  4      -113.43512107     1.31e-04      0.00
      3  5      -113.35766307     3.07e-04      0.00
      3  6      -113.27535575     1.70e-04      0.00
      3  7      -113.25803287     2.20e-04      0.00
      3  8      -113.17356091     3.23e-04      0.00
      3  9      -113.13868070     3.75e-04      0.00

      4  0      -113.67238537     3.50e-05      0.88
      4  1      -113.52702315     1.68e-05      0.00
      4  2      -113.47207885     4.45e-05      0.00
      4  3      -113.45259624     4.58e-05      0.00
      4  4      -113.43540601     5.54e-05      0.00
      4  5      -113.35944786     1.38e-04      0.00
      4  6      -113.27581363     6.94e-05      0.00
      4  7      -113.25923369     1.86e-04      0.00
      4  8      -113.17721359     3.18e-04      0.00
      4  9      -113.17280845     1.59e-03      0.00
    - linear dependency detected:    1 /   60    min eigenvalue:     1.3517e-15    max eigenvalue:     1.3517e-15
    * Using canonical orthogonalization due to linear dependency


      5  0      -113.67240011     1.08e-05      0.89
      5  1      -113.52702727     5.73e-06      0.00
      5  2      -113.47210395     1.34e-05      0.00
      5  3      -113.45263006     1.86e-05      0.00
      5  4      -113.43544953     2.10e-05      0.00
      5  5      -113.35974030     5.24e-05      0.00
      5  6      -113.27588690     2.95e-05      0.00
      5  7      -113.26391999     6.21e-04      0.00
      5  8      -113.23505158     1.45e-03      0.00
      5  9      -113.22517980     1.39e-03      0.00
    - linear dependency detected:    1 /   70    min eigenvalue:     3.8036e-17    max eigenvalue:     3.8036e-17
    * Using canonical orthogonalization due to linear dependency


      6  0      -113.67240142     3.16e-06      0.90
      6  1      -113.52702772     2.09e-06      0.00
      6  2      -113.47210595     3.87e-06      0.00
      6  3      -113.45263516     5.91e-06      0.00
      6  4      -113.43545524     6.71e-06      0.00
      6  5      -113.35977995     2.08e-05      0.00
      6  6      -113.28756028     6.17e-04      0.00
      6  7      -113.27592912     8.09e-05      0.00
      6  8      -113.27317469     7.19e-04      0.00
      6  9      -113.25610553     2.39e-04      0.00
    - linear dependency detected:    2 /   80    min eigenvalue:    -2.3203e-16    max eigenvalue:     1.4709e-11
    * Using canonical orthogonalization due to linear dependency


      7  0      -113.67240153     8.99e-07      0.92
      7  1      -113.52702778     6.10e-07      0.00
      7  2      -113.47210612     1.18e-06      0.00
      7  3      -113.45263564     1.99e-06      0.00
      7  4      -113.43545582     2.25e-06      0.00
      7  5      -113.35978674     8.21e-06      0.00
      7  6      -113.29438501     2.77e-04      0.00
      7  7      -113.28071295     2.74e-04      0.00
      7  8      -113.27587713     1.83e-05      0.00
      7  9      -113.25700134     9.64e-05      0.00
    - linear dependency detected:    2 /   90    min eigenvalue:    -3.9791e-18    max eigenvalue:     1.6297e-12
    * Using canonical orthogonalization due to linear dependency


      8  0      -113.67240154     2.44e-07      0.96
      8  1      -113.52702779     1.80e-07      0.00
      8  2      -113.47210613     3.76e-07      0.00
      8  3      -113.45263569     6.73e-07      0.00
      8  4      -113.43545589     7.10e-07      0.00
      8  5      -113.35978784     3.22e-06      0.00
      8  6      -113.29553683     1.15e-04      0.00
      8  7      -113.28181535     9.71e-05      0.00
      8  8      -113.27588110     5.39e-06      0.00
      8  9      -113.25715640     4.61e-05      0.00
    - linear dependency detected:    2 /  100    min eigenvalue:    -1.7751e-15    max eigenvalue:     1.7178e-13
    * Using canonical orthogonalization due to linear dependency


      9  0      -113.67240154     7.08e-08      0.99
      9  1      -113.52702779     5.46e-08      0.00
      9  2      -113.47210613     1.23e-07      0.00
      9  3      -113.45263570     2.20e-07      0.00
      9  4      -113.43545589     2.36e-07      0.00
      9  5      -113.35978800     1.19e-06      0.00
      9  6      -113.29579336     5.13e-05      0.00
      9  7      -113.28195855     3.35e-05      0.00
      9  8      -113.27588152     1.70e-06      0.00
      9  9      -113.25720587     2.45e-05      0.00
    - linear dependency detected:    2 /  110    min eigenvalue:     1.1166e-15    max eigenvalue:     1.6116e-14
    * Using canonical orthogonalization due to linear dependency


     10  0      -113.67240154     1.97e-08      1.00
     10  1      -113.52702779     1.72e-08      0.00
     10  2      -113.47210613     3.89e-08      0.00
     10  3      -113.45263570     7.08e-08      0.00
     10  4      -113.43545589     7.79e-08      0.00
     10  5      -113.35978802     4.05e-07      0.00
     10  6      -113.29584610     2.42e-05      0.00
     10  7      -113.28197515     1.28e-05      0.00
     10  8      -113.27588156     6.02e-07      0.00
     10  9      -113.25721920     1.29e-05      0.00
    - linear dependency detected:    2 /  120    min eigenvalue:     1.0489e-16    max eigenvalue:     2.0037e-15
    * Using canonical orthogonalization due to linear dependency


     11  0      -113.67240154     5.16e-09      1.04
     11  1      -113.52702779     5.27e-09      0.00
     11  2      -113.47210613     1.23e-08      0.00
     11  3      -113.45263570     2.35e-08      0.00
     11  4      -113.43545589     2.51e-08      0.00
     11  5      -113.35978802     1.39e-07      0.00
     11  6      -113.29585591     1.02e-05      0.00
     11  7      -113.28197762     5.35e-06      0.00
     11  8      -113.27588157     2.32e-07      0.00
     11  9      -113.25722210     5.56e-06      0.00
    - linear dependency detected:    2 /  130    min eigenvalue:    -1.8494e-16    max eigenvalue:     7.7753e-16
    * Using canonical orthogonalization due to linear dependency


     12  0      -113.67240154     1.34e-09      1.05
     12  1      -113.52702779     1.64e-09      0.00
     12  2      -113.47210613     3.77e-09      0.00
     12  3      -113.45263570     6.52e-09      0.00
     12  4      -113.43545589     8.04e-09      0.00
     12  5      -113.35978802     4.92e-08      0.00
     12  6      -113.29585762     4.14e-06      0.00
     12  7      -113.28197808     1.96e-06      0.00
     12  8      -113.27588157     8.31e-08      0.00
     12  9      -113.25722262     2.33e-06      0.00
    - linear dependency detected:    2 /  140    min eigenvalue:    -9.3981e-16    max eigenvalue:     1.3019e-16
    * Using canonical orthogonalization due to linear dependency


     13  0      -113.67240154     3.48e-10      1.08
     13  1      -113.52702779     4.73e-10      0.00
     13  2      -113.47210613     1.10e-09      0.00
     13  3      -113.45263570     1.93e-09      0.00
     13  4      -113.43545589     2.67e-09      0.00
     13  5      -113.35978802     1.61e-08      0.00
     13  6      -113.29585791     1.63e-06      0.00
     13  7      -113.28197814     6.38e-07      0.00
     13  8      -113.27588157     2.76e-08      0.00
     13  9      -113.25722272     9.72e-07      0.00
    - linear dependency detected:    2 /  150    min eigenvalue:    -3.5517e-16    max eigenvalue:     3.7351e-16
    * Using canonical orthogonalization due to linear dependency


     14  0 *    -113.67240154     9.31e-11      1.13
     14  1      -113.52702779     1.33e-10      0.00
     14  2      -113.47210613     3.07e-10      0.00
     14  3      -113.45263570     5.45e-10      0.00
     14  4      -113.43545589     8.42e-10      0.00
     14  5      -113.35978802     5.05e-09      0.00
     14  6      -113.29585795     5.51e-07      0.00
     14  7      -113.28197814     1.96e-07      0.00
     14  8      -113.27588157     9.28e-09      0.00
     14  9      -113.25722273     3.40e-07      0.00
    - linear dependency detected:    2 /  159    min eigenvalue:     2.2937e-16    max eigenvalue:     8.6164e-16
    * Using canonical orthogonalization due to linear dependency


     15  0 *    -113.67240154     6.12e-11      1.09
     15  1 *    -113.52702779     3.97e-11      0.00
     15  2 *    -113.47210613     9.15e-11      0.00
     15  3      -113.45263570     1.51e-10      0.00
     15  4      -113.43545589     2.58e-10      0.00
     15  5      -113.35978802     1.57e-09      0.00
     15  6      -113.29585796     1.86e-07      0.00
     15  7      -113.28197814     6.02e-08      0.00
     15  8      -113.27588157     2.99e-09      0.00
     15  9      -113.25722273     1.16e-07      0.00
    - linear dependency detected:    2 /  166    min eigenvalue:    -6.3976e-17    max eigenvalue:     3.6668e-16
    * Using canonical orthogonalization due to linear dependency


     16  0 *    -113.67240154     6.02e-11      0.89
     16  1 *    -113.52702779     2.90e-11      0.00
     16  2 *    -113.47210613     7.80e-11      0.00
     16  3 *    -113.45263570     4.17e-11      0.00
     16  4 *    -113.43545589     7.86e-11      0.00
     16  5      -113.35978802     4.86e-10      0.00
     16  6      -113.29585796     6.25e-08      0.00
     16  7      -113.28197814     2.10e-08      0.00
     16  8      -113.27588157     1.04e-09      0.00
     16  9      -113.25722273     3.97e-08      0.00
    - linear dependency detected:    2 /  171    min eigenvalue:    -2.0143e-17    max eigenvalue:     3.1549e-16
    * Using canonical orthogonalization due to linear dependency


     17  0 *    -113.67240154     5.97e-11      0.91
     17  1 *    -113.52702779     2.84e-11      0.00
     17  2 *    -113.47210613     7.72e-11      0.00
     17  3 *    -113.45263570     3.42e-11      0.00
     17  4 *    -113.43545589     5.43e-11      0.00
     17  5      -113.35978802     1.46e-10      0.00
     17  6      -113.29585796     2.10e-08      0.00
     17  7      -113.28197814     7.09e-09      0.00
     17  8      -113.27588157     3.60e-10      0.00
     17  9      -113.25722273     1.36e-08      0.00
    - linear dependency detected:    2 /  176    min eigenvalue:    -1.0100e-15    max eigenvalue:     4.3131e-16
    * Using canonical orthogonalization due to linear dependency


     18  0 *    -113.67240154     5.92e-11      0.93
     18  1 *    -113.52702779     2.84e-11      0.00
     18  2 *    -113.47210613     7.69e-11      0.00
     18  3 *    -113.45263570     3.40e-11      0.00
     18  4 *    -113.43545589     5.33e-11      0.00
     18  5 *    -113.35978802     4.39e-11      0.00
     18  6      -113.29585796     6.86e-09      0.00
     18  7      -113.28197814     2.37e-09      0.00
     18  8      -113.27588157     1.23e-10      0.00
     18  9      -113.25722273     4.59e-09      0.00
    - linear dependency detected:    2 /  180    min eigenvalue:    -8.2784e-16    max eigenvalue:     3.2758e-17
    * Using canonical orthogonalization due to linear dependency


     19  0 *    -113.67240154     5.92e-11      0.81
     19  1 *    -113.52702779     2.84e-11      0.00
     19  2 *    -113.47210613     7.66e-11      0.00
     19  3 *    -113.45263570     3.39e-11      0.00
     19  4 *    -113.43545589     5.25e-11      0.00
     19  5 *    -113.35978802     3.33e-11      0.00
     19  6      -113.29585796     2.26e-09      0.00
     19  7      -113.28197814     7.24e-10      0.00
     19  8 *    -113.27588157     3.92e-11      0.00
     19  9      -113.25722273     1.59e-09      0.00
    - linear dependency detected:    2 /  183    min eigenvalue:    -2.6938e-16    max eigenvalue:     3.7288e-17
    * Using canonical orthogonalization due to linear dependency


     20  0 *    -113.67240154     5.86e-11      0.75
     20  1 *    -113.52702779     2.83e-11      0.00
     20  2 *    -113.47210613     7.64e-11      0.00
     20  3 *    -113.45263570     3.38e-11      0.00
     20  4 *    -113.43545589     5.11e-11      0.00
     20  5 *    -113.35978802     3.24e-11      0.00
     20  6      -113.29585796     7.31e-10      0.00
     20  7      -113.28197814     2.33e-10      0.00
     20  8 *    -113.27588157     1.97e-11      0.00
     20  9      -113.25722273     5.42e-10      0.00
    - linear dependency detected:    2 /  186    min eigenvalue:    -5.2384e-16    max eigenvalue:     2.8498e-15
    * Using canonical orthogonalization due to linear dependency


     21  0 *    -113.67240154     5.84e-11      0.66
     21  1 *    -113.52702779     2.83e-11      0.00
     21  2 *    -113.47210613     7.64e-11      0.00
     21  3 *    -113.45263570     3.37e-11      0.00
     21  4 *    -113.43545589     5.10e-11      0.00
     21  5 *    -113.35978802     3.24e-11      0.00
     21  6      -113.29585796     2.30e-10      0.00
     21  7 *    -113.28197814     7.76e-11      0.00
     21  8 *    -113.27588157     1.66e-11      0.00
     21  9      -113.25722273     1.76e-10      0.00
    - linear dependency detected:    2 /  188    min eigenvalue:    -4.2203e-17    max eigenvalue:    -2.8814e-17
    * Using canonical orthogonalization due to linear dependency


     22  0 *    -113.67240154     5.80e-11      0.42
     22  1 *    -113.52702779     2.83e-11      0.00
     22  2 *    -113.47210613     7.64e-11      0.00
     22  3 *    -113.45263570     3.37e-11      0.00
     22  4 *    -113.43545589     5.03e-11      0.00
     22  5 *    -113.35978802     3.23e-11      0.00
     22  6 *    -113.29585796     6.97e-11      0.00
     22  7 *    -113.28197814     7.76e-11      0.00
     22  8 *    -113.27588157     1.66e-11      0.00
     22  9 *    -113.25722273     5.35e-11      0.00

     * ci vector, state   0, <S^2> = 0.7500
       22222a....    -0.9533557666
       22a222....     0.1628851605
       222.2a2...    -0.1148205130
       22ab22a...    -0.0845782797
       22aa22b...    -0.0622519300
       22a22b..a.    -0.0516408595

     * ci vector, state   1, <S^2> = 0.7500
       222a22....     0.9755341003
       22222.a...    -0.0873778589
       222.22a...    -0.0530460310
       2222a2....    -0.0502170566

     * ci vector, state   2, <S^2> = 0.7500
       2222a2....     0.9605348910
       222.a22...     0.1149401396
       2a2222....     0.0989971988
       2a2b22a...    -0.0859678413
       2a2a22b...    -0.0580862100
       222a22....     0.0521629272

     * ci vector, state   3, <S^2> = 0.7500
       22222.a...    -0.9452074472
       22.222a...     0.1982308306
       222a22....    -0.0885008000
       222a2.2...    -0.0868658192
       22ba2a2...     0.0838708798
       22aa2b2...    -0.0592579859
       2222.2a...     0.0550013030
       2.2222a...     0.0534557225

     * ci vector, state   4, <S^2> = 0.7500
       22a222....     0.8568563082
       222b2aa...     0.3338293405
       222a2ba...     0.1812016552
       222a2ab...    -0.1526276853
       22ab22a...     0.1391545127
       22222a....     0.1136831725
       22aa22b...     0.0970379053
       22a.222...    -0.0924498094
       222.2a2...     0.0696334188
       22222...a.     0.0664863110

     * ci vector, state   5, <S^2> = 0.7500
       222a2ba...    -0.7692265057
       222a2ab...    -0.5042133093
       222b2aa...    -0.2650131964
       22a222....     0.1870303763
       22ba22a...    -0.0776482850
       222.2a2...     0.0550828215
       22ba2aa.b.    -0.0518202234

     * ci vector, state   6, <S^2> = 0.7500
       2222aab...    -0.7707667380
       2222aba...    -0.4748673572
       2222baa...     0.2958993809
       222baa2...     0.1372880453
       22aba22...     0.0766576412
       222aab2...    -0.0765266913
       2a2b2a2...     0.0658960317
       222aba2...     0.0607613540
       2aa222b...    -0.0587716009
       22baa22...     0.0558088412
       2ab222a...    -0.0547266062

     * ci vector, state   7, <S^2> = 0.7500
       22a22ab...    -0.7983137229
       22b22aa...     0.4056326393
       22a22ba...    -0.3926810837
       222a2.2...    -0.0873799404

     * ci vector, state   8, <S^2> = 0.7500
       2a2222....     0.8714654975
       222ba2a...    -0.2559887907
       2a2b22a...     0.2148572011
       222ab2a...    -0.1475925049
       2a2a22b...     0.1296573087
       2a2.222...    -0.1122559802
       222aa2b...     0.1083962858
       2b2a22a...     0.0851998924
       2222a2....    -0.0643035396
       a22b22a...     0.0622956971

     * ci vector, state   9, <S^2> = 0.7500
       2222baa...    -0.7158197651
       2222aba...    -0.6121126951
       2ab222a...    -0.1520906923
       2ba222a...    -0.1435716574
       2222aab...     0.1037070700
       222aba2...    -0.0912558286
       222aab2...    -0.0644364508
       2b2a2a2...    -0.0517733131
       - Reference calculation                    45.54

  === DF-CASPT2Grad calculation ===

    * freezing 2 orbitals
    * SS-SR internal contraction is used

    * Approximate memory requirement for SMITH calculation per MPI process:
      o Storage requirement for T-amplitude, lambda, and residual is 0.41 GB
      o Storage requirement for MO integrals is 0.02 GB
      o Storage requirement for SMITH-computed gradient tensors is 1.61 GB
       - MO integral evaluation                    0.16

  ++ State-averaged Fock matrix over basis states ++

                         0                   1                   2                   3                   4                   5
     0      -12.1062415821       -0.0000000022        0.0000000010        0.0000000003        0.0100377760       -0.0387498549
     1       -0.0000000022      -11.9177254554       -0.0076067827        0.0135267468       -0.0000000005       -0.0000000004
     2        0.0000000010       -0.0076067827      -11.8152824997        0.0013929227        0.0000000004        0.0000000009
     3        0.0000000003        0.0135267468        0.0013929227      -11.7475911118       -0.0000000014        0.0000000070
     4        0.0100377760       -0.0000000005        0.0000000004       -0.0000000014      -11.7416258177       -0.0472655764
     5       -0.0387498549       -0.0000000004        0.0000000009        0.0000000070       -0.0472655764      -11.5620865989
     6        0.0033865602       -0.0000000003       -0.0000000003        0.0000000005       -0.0035924518       -0.0038586536
     7        0.0000000010       -0.0045562354       -0.0001222381        0.0068713193       -0.0000000011       -0.0000000009
     8       -0.0000000004       -0.0055725484        0.0140902577        0.0003182157        0.0000000019        0.0000000006
     9       -0.0055586977        0.0000000002       -0.0000000015       -0.0000000025        0.0037509031       -0.0030002265

                         6                   7                   8                   9
     0        0.0033865602        0.0000000010       -0.0000000004       -0.0055586977
     1       -0.0000000003       -0.0045562354       -0.0055725484        0.0000000002
     2       -0.0000000003       -0.0001222381        0.0140902577       -0.0000000015
     3        0.0000000005        0.0068713193        0.0003182157       -0.0000000025
     4       -0.0035924518       -0.0000000011        0.0000000019        0.0037509031
     5       -0.0038586536       -0.0000000009        0.0000000006       -0.0030002265
     6      -11.4540161176       -0.0000000005       -0.0000000032       -0.0021877402
     7       -0.0000000005      -11.4740657977       -0.0028233983        0.0000000001
     8       -0.0000000032       -0.0028233983      -11.5318382628        0.0000000064
     9       -0.0021877402        0.0000000001        0.0000000064      -11.4574709429


  ++ Extended multi-state CASPT2 (XMS-CASPT2) rotation matrix ++

                         0                   1                   2                   3                   4                   5
     0       -0.9973894714       -0.0000000113        0.0000000042        0.0015216828        0.0000000041        0.0715694062
     1       -0.0000000113        0.9941069321       -0.0720386428       -0.0000000083        0.0789447244       -0.0000000013
     2        0.0000000033        0.0720520199        0.9960850132        0.0000000071        0.0114199491       -0.0000000017
     3        0.0000000025       -0.0792983688       -0.0057547469       -0.0000000553        0.9965293086       -0.0000000353
     4        0.0184957139        0.0000000031       -0.0000000077        0.9705545951        0.0000000627        0.2393518760
     5       -0.0690610583        0.0000000016       -0.0000000042        0.2402333493       -0.0000000208       -0.9669249906
     6        0.0048204614        0.0000000009        0.0000000001        0.0146540696       -0.0000000010       -0.0341064471
     7        0.0000000013        0.0114870889       -0.0009099229        0.0000000057       -0.0237994131       -0.0000000051
     8       -0.0000000008        0.0118207258       -0.0509031965       -0.0000000089       -0.0004901244        0.0000000189
     9       -0.0089153937       -0.0000000009        0.0000000053       -0.0097292656        0.0000000079       -0.0384878210

                         6                   7                   8                   9
     0        0.0000000009        0.0000000020        0.0023914229       -0.0091666773
     1        0.0158448088       -0.0088608183        0.0000000007       -0.0000000004
     2       -0.0498855985       -0.0020407815        0.0000000020        0.0000000016
     3       -0.0023174706        0.0245482783        0.0000000089       -0.0000000045
     4       -0.0000000017       -0.0000000029       -0.0143174685        0.0136885395
     5       -0.0000000214       -0.0000000089        0.0477153860        0.0172572480
     6       -0.0000000408        0.0000000173       -0.4320602120       -0.9010675585
     7       -0.0478736940        0.9985033381        0.0000000196        0.0000000122
     8       -0.9974783746       -0.0480186104       -0.0000000595        0.0000000719
     9        0.0000000832        0.0000000164       -0.9004646058        0.4330219837


     * ci vector, state   0, <S^2> = 0.7500
       22222a....     0.9550939501
       22a222....    -0.1594234460
       222.2a2...     0.1119915341
       22ab22a...     0.0903660358
       22aa22b...     0.0619797487
       22a22b..a.     0.0509840644

     * ci vector, state   1, <S^2> = 0.7500
       222a22....     0.9808214119
       222.22a...    -0.0554044895

     * ci vector, state   2, <S^2> = 0.7500
       2222a2....     0.9637053017
       222.a22...     0.1172521438
       2a2b22a...    -0.0970039746
       2a2a22b...    -0.0647120878
       2a2222....     0.0553366829

     * ci vector, state   3, <S^2> = 0.7500
       22a222....     0.8770003657
       222a2ab...    -0.2693086949
       222b2aa...     0.2603361306
       22ab22a...     0.1231190986
       22222a....     0.1016423675
       22aa22b...     0.1009421761
       22a.222...    -0.0868114087
       222.2a2...     0.0806615648
       22222...a.     0.0625793873

     * ci vector, state   4, <S^2> = 0.7500
       22222.a...    -0.9497251727
       22.222a...     0.1987971082
       222a2.2...    -0.0862452641
       22ba2a2...     0.0841633968
       22aa2b2...    -0.0603356470
       2.2222a...     0.0550106840
       2222.2a...     0.0537504130

     * ci vector, state   5, <S^2> = 0.7500
       222a2ba...     0.7911874347
       222a2ab...     0.4553935316
       222b2aa...     0.3357939031
       22ba22a...     0.0833837545
       22ab22a...     0.0749946395
       22ba2aa.b.     0.0531211680

     * ci vector, state   6, <S^2> = 0.7500
       2a2222....    -0.8763023296
       222ba2a...     0.2567978760
       2a2b22a...    -0.2103636421
       222ab2a...     0.1500300045
       2a2a22b...    -0.1266463514
       2a2.222...     0.1122032017
       222aa2b...    -0.1067678716
       2b2a22a...    -0.0837172907
       a22b22a...    -0.0634490409

     * ci vector, state   7, <S^2> = 0.7500
       22a22ab...    -0.7994286526
       22b22aa...     0.4062832689
       22a22ba...    -0.3931453837
       222a2.2...    -0.0893627146

     * ci vector, state   8, <S^2> = 0.7500
       2222aba...     0.7573970698
       2222baa...     0.5170648906
       2222aab...     0.2403321791
       2ab222a...     0.1608471213
       2ba222a...     0.1276946068
       222aab2...     0.0911898662
       22baa22...    -0.0685445131
       222aba2...     0.0559207846

     * ci vector, state   9, <S^2> = 0.7500
       2222aab...     0.7398011028
       2222baa...    -0.5766112739
       2222aba...     0.1631898289
       222baa2...    -0.1354124535
       222aba2...    -0.0943198924
       2a2b2a2...    -0.0717189937
       22aba22...    -0.0660146427
       2ba222a...    -0.0658244248
       2b2a2a2...    -0.0583246730

  ++ Reference energies in XMS basis ++

                         0                   1                   2                   3                   4                   5
     0     -113.6707877419       -0.0000000016        0.0000000008       -0.0008704523        0.0000000011        0.0220048595
     1       -0.0000000016     -113.5262074420        0.0038219927        0.0000000007       -0.0059019543        0.0000000002
     2        0.0000000008        0.0038219927     -113.4718819078       -0.0000000003        0.0002096977        0.0000000001
     3       -0.0008704523        0.0000000007       -0.0000000003     -113.4310426444        0.0000000006       -0.0176055458
     4        0.0000000011       -0.0059019543        0.0002096977        0.0000000006     -113.4530051641        0.0000000020
     5        0.0220048595        0.0000000002        0.0000000001       -0.0176055458        0.0000000020     -113.3654979453
     6        0.0000000003       -0.0032797415        0.0100345021        0.0000000008        0.0001988922       -0.0000000018
     7        0.0000000007        0.0025152495        0.0002690807        0.0000000008       -0.0039988188       -0.0000000005
     8        0.0014559220       -0.0000000000       -0.0000000005        0.0015441251       -0.0000000015        0.0047024754
     9       -0.0035509477       -0.0000000000       -0.0000000002       -0.0022771813        0.0000000007        0.0002125264

                         6                   7                   8                   9
     0        0.0000000003        0.0000000007        0.0014559220       -0.0035509477
     1       -0.0032797415        0.0025152495       -0.0000000000       -0.0000000000
     2        0.0100345021        0.0002690807       -0.0000000005       -0.0000000002
     3        0.0000000008        0.0000000008        0.0015441251       -0.0022771813
     4        0.0001988922       -0.0039988188       -0.0000000015        0.0000000007
     5       -0.0000000018       -0.0000000005        0.0047024754        0.0002125264
     6     -113.2764478622        0.0003167678       -0.0000000016       -0.0000000000
     7        0.0003167678     -113.2820869576       -0.0000000003        0.0000000004
     8       -0.0000000016       -0.0000000003     -113.2647074308       -0.0150817135
     9       -0.0000000000        0.0000000004       -0.0150817135     -113.2886903807

    * Calculating and saving rdm4

       - RDM + denominator evaluation          13840.49

    * Zeroth order energy : state  0      -12.1091768894
    * Zeroth order energy : state  1      -11.9194747063
    * Zeroth order energy : state  2      -11.8154603576
    * Zeroth order energy : state  3      -11.7534011790
    * Zeroth order energy : state  4      -11.7466678242
    * Zeroth order energy : state  5      -11.5477738741
    * Zeroth order energy : state  6      -11.5311798346
    * Zeroth order energy : state  7      -11.4737204046
    * Zeroth order energy : state  8      -11.4582872791
    * Zeroth order energy : state  9      -11.4528018377

    * CASPT2 iteration is performed using redundant basis

      ---- iteration ----

        0    -0.23951588     0.00593475      2.70
        1    -0.24102310     0.00076869      2.49
        2    -0.24107484     0.00013313      2.42
        3    -0.24107574     0.00001819      2.38
        4    -0.24107577     0.00000365      2.42
        5    -0.24107577     0.00000055      2.39

        0    -0.23999520     0.00615698      2.45
        1    -0.24169924     0.00081335      2.57
        2    -0.24175919     0.00013314      2.18
        3    -0.24176018     0.00001876      2.57
        4    -0.24176021     0.00000370      2.52
        5    -0.24176021     0.00000058      2.49

        0    -0.24511775     0.00597704      2.53
        1    -0.24674094     0.00082089      2.43
        2    -0.24680052     0.00013690      2.27
        3    -0.24680156     0.00001999      2.24
        4    -0.24680159     0.00000395      2.34
        5    -0.24680160     0.00000065      2.30

        0    -0.24634816     0.00589102      2.45
        1    -0.24794186     0.00076388      2.48
        2    -0.24799865     0.00013580      2.18
        3    -0.24799981     0.00001965      2.20
        4    -0.24799985     0.00000402      2.36
        5    -0.24799985     0.00000064      2.47

        0    -0.25510951     0.00613215      2.33
        1    -0.25670596     0.00080381      2.30
        2    -0.25676579     0.00015995      2.33
        3    -0.25676739     0.00002494      2.35
        4    -0.25676747     0.00000617      2.52
        5    -0.25676748     0.00000107      2.48
        6    -0.25676748     0.00000028      2.53

        0    -0.25542167     0.00560829      2.41
        1    -0.25715048     0.00074133      2.45
        2    -0.25721569     0.00014546      2.39
        3    -0.25721742     0.00002400      2.31
        4    -0.25721751     0.00000575      2.25
        5    -0.25721751     0.00000112      2.30
        6    -0.25721751     0.00000025      2.25

        0    -0.25998263     0.00602610      2.37
        1    -0.26165776     0.00081978      2.38
        2    -0.26172023     0.00014201      2.19
        3    -0.26172138     0.00002066      2.21
        4    -0.26172142     0.00000425      2.40
        5    -0.26172142     0.00000068      2.41

        0    -0.25961451     0.00594805      2.35
        1    -0.26141804     0.00077387      2.31
        2    -0.26149401     0.00015743      2.21
        3    -0.26149859     0.00002726      2.26
        4    -0.26150006     0.00001012      2.32
        5    -0.26150120     0.00000747      2.48
        6    -0.26150269     0.00000707      2.29
        7    -0.26150620     0.00000667      2.37
        8    -0.26151744     0.00000537      2.31
        9    -0.26152581     0.00000254      2.29
       10    -0.26152627     0.00000052      2.40

        0    -0.26194174     0.00558370      2.33
        1    -0.26367226     0.00075461      2.33
        2    -0.26374159     0.00014657      2.34
        3    -0.26374346     0.00002393      2.25
        4    -0.26374357     0.00000587      2.19
        5    -0.26374359     0.00000148      2.52
        6    -0.26374360     0.00000089      2.24

        0    -0.25837870     0.00560669      2.25
        1    -0.26007128     0.00076279      2.24
        2    -0.26014024     0.00015101      2.21
        3    -0.26014244     0.00002532      2.44
        4    -0.26014278     0.00000739      2.16
        5    -0.26014300     0.00000387      2.31
        6    -0.26014328     0.00000314      2.42
        7    -0.26014371     0.00000166      2.56
        8    -0.26014376     0.00000042      2.49

      -------------------

       - CASPT2 energy evaluation                171.12

    * CASPT2 energy : state  0     -113.9228061163
        w/o shift correction       -113.9118635156
        reference weight              0.9481252214

    * CASPT2 energy : state  1     -113.7789286179
        w/o shift correction       -113.7679676533
        reference weight              0.9480426883

    * CASPT2 energy : state  2     -113.7304548921
        w/o shift correction       -113.7186835036
        reference weight              0.9444146418

    * CASPT2 energy : state  3     -113.6914435891
        w/o shift correction       -113.6790424931
        reference weight              0.9416147270

    * CASPT2 energy : state  4     -113.7230526961
        w/o shift correction       -113.7097726406
        reference weight              0.9377341892

    * CASPT2 energy : state  5     -113.6360533252
        w/o shift correction       -113.6227154557
        reference weight              0.9374800657

    * CASPT2 energy : state  6     -113.5558059984
        w/o shift correction       -113.5381692846
        reference weight              0.9189625984

    * CASPT2 energy : state  7     -113.5616301898
        w/o shift correction       -113.5436132323
        reference weight              0.9173598341

    * CASPT2 energy : state  8     -113.5431239030
        w/o shift correction       -113.5284510357
        reference weight              0.9316501081

    * CASPT2 energy : state  9     -113.5625111696
        w/o shift correction       -113.5488341367
        reference weight              0.9359920312


    * MS-CASPT2 Heff
           -113.9228061163       -0.0000000006        0.0000000001       -0.0007088742        0.0000000000        0.0222522394        0.0000000007       -0.0000000004        0.0005722903       -0.0004197725
             -0.0000000006     -113.7789286179        0.0012659636        0.0000000000       -0.0071978285        0.0000000005       -0.0011083404        0.0028105949       -0.0000000000       -0.0000000000
              0.0000000001        0.0012659636     -113.7304548921       -0.0000000002        0.0001765103        0.0000000000        0.0080567773        0.0001088063        0.0000000004        0.0000000003
             -0.0007088742        0.0000000000       -0.0000000002     -113.6914435891       -0.0000000010       -0.0139998374        0.0000000002       -0.0000000005        0.0009258240       -0.0004914506
              0.0000000000       -0.0071978285        0.0001765103       -0.0000000010     -113.7230526961        0.0000000008       -0.0000123470       -0.0010632590       -0.0000000005        0.0000000003
              0.0222522394        0.0000000005        0.0000000000       -0.0139998374        0.0000000008     -113.6360533252       -0.0000000016       -0.0000000001        0.0022148347       -0.0000780730
              0.0000000007       -0.0011083404        0.0080567773        0.0000000002       -0.0000123470       -0.0000000016     -113.5558059984        0.0002827095       -0.0000000005       -0.0000000000
             -0.0000000004        0.0028105949        0.0001088063       -0.0000000005       -0.0010632590       -0.0000000001        0.0002827095     -113.5616301898       -0.0000000004        0.0000000001
              0.0005722903       -0.0000000000        0.0000000004        0.0009258240       -0.0000000005        0.0022148347       -0.0000000005       -0.0000000004     -113.5431239030       -0.0154902249
             -0.0004197725       -0.0000000000        0.0000000003       -0.0004914506        0.0000000003       -0.0000780730       -0.0000000000        0.0000000001       -0.0154902249     -113.5625111696


    * MS-CASPT2 rotation matrix
             -0.9970303893        0.0000000050       -0.0000000004       -0.0000000000       -0.0189557990        0.0745787913        0.0007628371        0.0000000011       -0.0000000007       -0.0029159111
             -0.0000000047       -0.9916549804       -0.0269467707       -0.1252932269       -0.0000000038        0.0000000026       -0.0000000000       -0.0133735724        0.0041262770        0.0000000000
              0.0000000006        0.0267626122       -0.9985842140        0.0012881284        0.0000000057        0.0000000024        0.0000000035        0.0013772826       -0.0459322749       -0.0000000000
              0.0015850882       -0.0000000005       -0.0000000059        0.0000000295       -0.9739856858       -0.2265437548       -0.0017257172        0.0000000039       -0.0000000036       -0.0049315732
             -0.0000000004       -0.1253866657       -0.0020767549        0.9920798398        0.0000000277        0.0000000104        0.0000000001        0.0071725732        0.0001294271        0.0000000027
              0.0769785096        0.0000000035        0.0000000004       -0.0000000033       -0.2256176726        0.9708429044        0.0160697703       -0.0000000000        0.0000000199       -0.0194111394
              0.0000000022       -0.0058886601        0.0458052974       -0.0008384571       -0.0000000013        0.0000000201        0.0000000156        0.0443000228       -0.9979499002        0.0000000200
             -0.0000000010        0.0121519588        0.0010004204        0.0087656380       -0.0000000037        0.0000000002        0.0000000142       -0.9989020537       -0.0443754416        0.0000000158
              0.0010007180       -0.0000000005        0.0000000022        0.0000000023        0.0090351712       -0.0234784496        0.4837267720       -0.0000000065       -0.0000000107       -0.8748568664
             -0.0010945347       -0.0000000000        0.0000000020       -0.0000000014       -0.0027555454       -0.0053617568        0.8750694901        0.0000000190        0.0000000242        0.4839585189


    * XMS-CASPT2 rotation matrix
              0.9999517575        0.0000000061       -0.0000000035        0.0000000054        0.0013237603       -0.0052531762       -0.0064780521       -0.0000000031        0.0000000006       -0.0050168933
              0.0000000065       -0.9978386293        0.0457016427       -0.0464191468        0.0000000067        0.0000000034       -0.0000000002       -0.0032747268       -0.0079980457       -0.0000000002
             -0.0000000032       -0.0459558571       -0.9989271220        0.0036088948       -0.0000000008       -0.0000000013        0.0000000051        0.0003188158        0.0044202226       -0.0000000020
             -0.0000000054       -0.0461569205        0.0057322933        0.9987818970        0.0000000897       -0.0000000117        0.0000000003       -0.0164237336        0.0012894784       -0.0000000060
              0.0014932661       -0.0000000108        0.0000000017        0.0000000896       -0.9998259773        0.0141421336        0.0072382166        0.0000000074        0.0000000039        0.0096640353
             -0.0051668188       -0.0000000030        0.0000000016       -0.0000000105       -0.0141358064       -0.9995189339        0.0221769812        0.0000000086        0.0000000018       -0.0156065775
             -0.0068545028       -0.0000000003       -0.0000000048       -0.0000000001       -0.0080900180       -0.0210968769       -0.9980655149       -0.0000000333        0.0000000220       -0.0575127565
             -0.0000000028        0.0039842315       -0.0005454255       -0.0162586856       -0.0000000087       -0.0000000076        0.0000000335       -0.9998534204        0.0035526350        0.0000000036
             -0.0000000001       -0.0077326382        0.0047757836       -0.0016174401        0.0000000047        0.0000000012        0.0000000181        0.0035458650        0.9999511033        0.0000000658
              0.0045356929       -0.0000000000       -0.0000000025        0.0000000051        0.0089996328       -0.0170066686       -0.0572630120        0.0000000014       -0.0000000647        0.9981633908

    * MS-CASPT2 energy : state  0     -113.9245240707
    * MS-CASPT2 energy : state  1     -113.7799139133
    * MS-CASPT2 energy : state  2     -113.7307900383
    * MS-CASPT2 energy : state  3     -113.7221528122
    * MS-CASPT2 energy : state  4     -113.6947103386
    * MS-CASPT2 energy : state  5     -113.6311302439
    * MS-CASPT2 energy : state  6     -113.5710747903
    * MS-CASPT2 energy : state  7     -113.5615976140
    * MS-CASPT2 energy : state  8     -113.5554180166
    * MS-CASPT2 energy : state  9     -113.5344986598


      ---- iteration ----

        0    -0.02174095     0.00099305      2.45
        1    -0.02182130     0.00013536      2.10
        2    -0.02182399     0.00002057      2.21
        3    -0.02182403     0.00000299      2.30
        4    -0.02182403     0.00000059      2.44

        0    -0.02118749     0.00103679      2.23
        1    -0.02124714     0.00014020      2.21
        2    -0.02124942     0.00002852      2.21
        3    -0.02124948     0.00000432      2.37
        4    -0.02124948     0.00000092      2.42

        0    -0.00001708     0.00003111      2.38
        1    -0.00001715     0.00000408      2.36
        2    -0.00001715     0.00000087      2.20

        0    -0.00000007     0.00000148      2.30
        1    -0.00000007     0.00000022      2.48

        0    -0.00042674     0.00013674      2.51
        1    -0.00042923     0.00002200      2.46
        2    -0.00042935     0.00000407      2.34
        3    -0.00042935     0.00000065      2.14

        0    -0.00020970     0.00011396      2.29
        1    -0.00021127     0.00001948      2.32
        2    -0.00021135     0.00000346      2.17
        3    -0.00021135     0.00000064      2.50

        0    -0.00000091     0.00000555      2.38
        1    -0.00000091     0.00000086      2.06

        0    -0.00000476     0.00001585      2.11
        1    -0.00000479     0.00000275      2.19
        2    -0.00000479     0.00000053      2.20

        0    -0.00000001     0.00000046      2.09

        0    -0.00000001     0.00000043      2.42

      -------------------

       - CASPT2 lambda equation                   99.21
       - Correlated density matrix evaluation    146.07
       - CI derivative evaluation   ( 1 /10)       7.79
       - CI derivative evaluation   ( 2 /10)       7.55
       - CI derivative evaluation   ( 3 /10)       7.69
       - CI derivative evaluation   ( 4 /10)       7.81
       - CI derivative evaluation   ( 5 /10)       8.43
       - CI derivative evaluation   ( 6 /10)       8.18
       - CI derivative evaluation   ( 7 /10)       8.25
       - CI derivative evaluation   ( 8 /10)       8.34
       - CI derivative evaluation   ( 9 /10)       7.96
       - CI derivative evaluation   (10 /10)       7.60
       - CI derivative contraction (state  1) will be done with 2 passes
               o Fock-weighted 2RDM derivative               9.54
               o Multipassing ( 1 / 2)                      71.18
               o Multipassing ( 2 / 2)                      73.02
       - CI derivative contraction (state  2) will be done with 2 passes
               o Fock-weighted 2RDM derivative               5.18
               o Multipassing ( 1 / 2)                      74.51
               o Multipassing ( 2 / 2)                      73.41
       - CI derivative contraction (state  3) will be done with 2 passes
               o Fock-weighted 2RDM derivative               5.16
               o Multipassing ( 1 / 2)                      72.75
               o Multipassing ( 2 / 2)                      74.06
       - CI derivative contraction (state  4) will be done with 2 passes
               o Fock-weighted 2RDM derivative               5.15
               o Multipassing ( 1 / 2)                      72.59
               o Multipassing ( 2 / 2)                      72.00
       - CI derivative contraction (state  5) will be done with 2 passes
               o Fock-weighted 2RDM derivative               5.28
               o Multipassing ( 1 / 2)                      74.74
               o Multipassing ( 2 / 2)                      73.87
       - CI derivative contraction (state  6) will be done with 2 passes
               o Fock-weighted 2RDM derivative               5.20
               o Multipassing ( 1 / 2)                      72.74
               o Multipassing ( 2 / 2)                      71.87
       - CI derivative contraction (state  7) will be done with 2 passes
               o Fock-weighted 2RDM derivative               5.24
               o Multipassing ( 1 / 2)                      73.58
               o Multipassing ( 2 / 2)                      69.78
       - CI derivative contraction (state  8) will be done with 2 passes
               o Fock-weighted 2RDM derivative               5.24
               o Multipassing ( 1 / 2)                      72.37
               o Multipassing ( 2 / 2)                      69.88
       - CI derivative contraction (state  9) will be done with 2 passes
               o Fock-weighted 2RDM derivative               4.99
               o Multipassing ( 1 / 2)                      70.80
               o Multipassing ( 2 / 2)                      70.30
       - CI derivative contraction (state 10) will be done with 2 passes
               o Fock-weighted 2RDM derivative               5.35
               o Multipassing ( 1 / 2)                      71.91
               o Multipassing ( 2 / 2)                      67.24
       - CI derivative contraction              1498.98
       - T1 norm evaluation                        2.39
       - Postprocessing SMITH                      1.49
    * NACME Target states: 0 - 1
    * Energy gap is:       -3.9350428168 eV

    * Permanent dipole moment: Transition dipole moment between 0 - 1
           (   -0.000564,    -0.000000,     0.000000) a.u.

    * Oscillator strength for transition between 0 - 1  0.000000 a.u.

       - Yrs evaluation                            0.29
       - Yrs non-Lagrangian terms                  0.00
    * Integral transformation done. Elapsed time: 0.03

    * Integral transformation done. Elapsed time: 0.02

  === CASSCF Z-vector iteration ===

         0      0.0002486848     0.0011527202      2.40
         1      0.0002444398     0.0006057709      2.34
         2      0.0001021774     0.0003862181      2.38
         3      0.0000567680     0.0002533743      2.46
         4      0.0000496736     0.0001693722      2.31
         5      0.0000350065     0.0001156709      2.28
         6      0.0000218438     0.0000797625      2.27
         7      0.0000150262     0.0000578814      2.24
         8      0.0000104654     0.0000439581      2.19
         9      0.0000087547     0.0000341958      2.18
        10      0.0000061804     0.0000261694      2.20
        11      0.0000054311     0.0000189303      2.24
        12      0.0000035393     0.0000142576      2.21
        13      0.0000026801     0.0000109223      2.36
        14      0.0000019337     0.0000089324      2.16
        15      0.0000014308     0.0000074183      2.12
        16      0.0000013329     0.0000062380      2.31
        17      0.0000009897     0.0000053125      2.26
        18      0.0000008502     0.0000044968      2.18
        19      0.0000007702     0.0000037899      2.22
        20      0.0000006364     0.0000031820      2.31
        21      0.0000005237     0.0000026676      2.30
        22      0.0000004503     0.0000022357      2.34
        23      0.0000003936     0.0000018742      2.35
        24      0.0000002996     0.0000015546      2.43
        25      0.0000002589     0.0000012529      2.61
        26      0.0000002227     0.0000010298      2.61
        27      0.0000001490     0.0000008762      2.43
        28      0.0000001199     0.0000007631      2.41
        29      0.0000000969     0.0000006846      2.60
        30      0.0000000948     0.0000006170      2.48
        31      0.0000000945     0.0000005533      2.62
        32      0.0000000776     0.0000004854      2.59
        33      0.0000000780     0.0000004135      2.56
        34      0.0000000692     0.0000003516      2.59
        35      0.0000000540     0.0000002977      2.54
        36      0.0000000471     0.0000002509      2.50
        37      0.0000000397     0.0000002148      2.43
        38      0.0000000339     0.0000001841      2.51
        39      0.0000000289     0.0000001580      2.51
        40      0.0000000225     0.0000001366      2.50
        41      0.0000000208     0.0000001184      2.60
        42      0.0000000180     0.0000001035      2.48
        43      0.0000000155     0.0000000899      2.54
        44      0.0000000141     0.0000000785      2.55
        45      0.0000000108     0.0000000699      2.42
        46      0.0000000086     0.0000000630      2.51
        47      0.0000000081     0.0000000574      2.44
        48      0.0000000074     0.0000000528      2.44
        49      0.0000000066     0.0000000483      2.52
        50      0.0000000065     0.0000000440      2.51
        51      0.0000000055     0.0000000402      2.58
        52      0.0000000050     0.0000000368      2.49
        53      0.0000000046     0.0000000338      2.52
        54      0.0000000041     0.0000000311      2.44
        55      0.0000000038     0.0000000286      2.60
        56      0.0000000037     0.0000000260      2.67
        57      0.0000000035     0.0000000233      2.39
        58      0.0000000032     0.0000000206      2.58
        59      0.0000000031     0.0000000183      2.23
        60      0.0000000025     0.0000000162      2.34
        61      0.0000000023     0.0000000142      2.36
        62      0.0000000021     0.0000000127      2.50
        63      0.0000000017     0.0000000114      2.58
        64      0.0000000017     0.0000000103      2.57
        65      0.0000000016     0.0000000091      2.58
        66      0.0000000015     0.0000000079      2.61
       - Z-CASSCF solution                       164.85
    * Permanent dipole moment: CASPT2 relaxed
           (    0.001121,    -0.000000,     0.000000) a.u.

       - Effective densities                       1.14

  * Nuclear energy gradient

    o Atom   0
        x          0.0058315922
        y          0.0000001930
        z          0.0000002720
    o Atom   1
        x         -0.0053621037
        y         -0.0000001892
        z         -0.0000002087
    o Atom   2
        x         -0.0002347409
        y          0.1711433382
        z          0.0008156716
    o Atom   3
        x         -0.0002347476
        y         -0.1711433420
        z         -0.0008157349
       - Gradient integral contraction             2.21

    * METHOD: NACME                            16122.88


  
  ===============================================================

